// Jest Snapshot v1, https://goo.gl/fbAQLP

exports[`Default Button Snapshot 1`] = `
<button
  className="ant-btn ant-btn-default"
  onClick={[Function]}
  type="button"
/>
`;
